// Jest Snapshot v1, https://goo.gl/fbAQLP

exports[`History component should render History component 1`] = `
<div>
  <h1>
    History
  </h1>
  <ol
    className="list-group"
  >
    <li
      className="list-group-item"
      key="0"
    >
      <button
        onClick={[Function]}
      >
        Restart Game
      </button>
    </li>
  </ol>
</div>
`;
